---
source: crates/citeproc/tests/suite.rs
expression: res
---
(Baur, Fr√∂berg, Baur, et al. 2000; Baur, Schileyko &amp; Baur 2000; Doe 2000)
