---
source: crates/citeproc/tests/suite.rs
expression: res
---
1<sup>er</sup>
